//: System Report Sun Mar  8 04:49:01 PM EDT 2026
!!: Uptime:
 16:49:01 up  3:01,  1 user,  load average: 0.14, 0.11, 0.05

Memory Usage:
               total        used        free      shared  buff/cache   available
Mem:         3960708     1940688      107100       66832     1883032     2020020
Swap:        3804156          60     3804096

Disk Usage:
Filesystem      Size  Used Avail Use% Mounted on
tmpfs           387M  2.1M  385M   1% /run
/dev/sda2        20G  9.9G  8.7G  54% /
tmpfs           1.9G     0  1.9G   0% /dev/shm
tmpfs           5.0M  8.0K  5.0M   1% /run/lock
tmpfs           387M  132K  387M   1% /run/user/1000
/dev/sr0         94M   94M     0 100% /media/dev-ian/CDROM
//: END
//: System Report Sun Mar  8 04:50:01 PM EDT 2026
!!: Uptime:
 16:50:01 up  3:02,  1 user,  load average: 0.05, 0.09, 0.04

Memory Usage:
               total        used        free      shared  buff/cache   available
Mem:         3960708     1940884      106640       66828     1883292     2019824
Swap:        3804156          60     3804096

Disk Usage:
Filesystem      Size  Used Avail Use% Mounted on
tmpfs           387M  2.1M  385M   1% /run
/dev/sda2        20G  9.9G  8.7G  54% /
tmpfs           1.9G     0  1.9G   0% /dev/shm
tmpfs           5.0M  8.0K  5.0M   1% /run/lock
tmpfs           387M  128K  387M   1% /run/user/1000
/dev/sr0         94M   94M     0 100% /media/dev-ian/CDROM
//: END
//: System Report Sun Mar  8 04:51:01 PM EDT 2026
!!: Uptime:
 16:51:01 up  3:03,  1 user,  load average: 0.16, 0.11, 0.05

Memory Usage:
               total        used        free      shared  buff/cache   available
Mem:         3960708     1940940      106548       66828     1883320     2019768
Swap:        3804156          60     3804096

Disk Usage:
Filesystem      Size  Used Avail Use% Mounted on
tmpfs           387M  2.1M  385M   1% /run
/dev/sda2        20G  9.9G  8.7G  54% /
tmpfs           1.9G     0  1.9G   0% /dev/shm
tmpfs           5.0M  8.0K  5.0M   1% /run/lock
tmpfs           387M  128K  387M   1% /run/user/1000
/dev/sr0         94M   94M     0 100% /media/dev-ian/CDROM
//: END
//: System Report Sun Mar  8 04:52:01 PM EDT 2026
!!: Uptime:
 16:52:01 up  3:04,  1 user,  load average: 0.06, 0.09, 0.05

Memory Usage:
               total        used        free      shared  buff/cache   available
Mem:         3960708     1941184      106296       66828     1883336     2019524
Swap:        3804156          60     3804096

Disk Usage:
Filesystem      Size  Used Avail Use% Mounted on
tmpfs           387M  2.1M  385M   1% /run
/dev/sda2        20G  9.9G  8.7G  54% /
tmpfs           1.9G     0  1.9G   0% /dev/shm
tmpfs           5.0M  8.0K  5.0M   1% /run/lock
tmpfs           387M  128K  387M   1% /run/user/1000
/dev/sr0         94M   94M     0 100% /media/dev-ian/CDROM
//: END
//: System Report Sun Mar  8 04:53:01 PM EDT 2026
!!: Uptime:
 16:53:01 up  3:05,  1 user,  load average: 0.02, 0.07, 0.04

Memory Usage:
               total        used        free      shared  buff/cache   available
Mem:         3960708     1940824      106044       66828     1883452     2019884
Swap:        3804156          60     3804096

Disk Usage:
Filesystem      Size  Used Avail Use% Mounted on
tmpfs           387M  2.1M  385M   1% /run
/dev/sda2        20G  9.9G  8.7G  54% /
tmpfs           1.9G     0  1.9G   0% /dev/shm
tmpfs           5.0M  8.0K  5.0M   1% /run/lock
tmpfs           387M  128K  387M   1% /run/user/1000
/dev/sr0         94M   94M     0 100% /media/dev-ian/CDROM
//: END
//: System Report Sun Mar  8 04:54:01 PM EDT 2026
!!: Uptime:
 16:54:01 up  3:06,  1 user,  load average: 0.17, 0.09, 0.05

Memory Usage:
               total        used        free      shared  buff/cache   available
Mem:         3960708     1941008      105844       66828     1883476     2019700
Swap:        3804156          60     3804096

Disk Usage:
Filesystem      Size  Used Avail Use% Mounted on
tmpfs           387M  2.1M  385M   1% /run
/dev/sda2        20G  9.9G  8.7G  54% /
tmpfs           1.9G     0  1.9G   0% /dev/shm
tmpfs           5.0M  8.0K  5.0M   1% /run/lock
tmpfs           387M  128K  387M   1% /run/user/1000
/dev/sr0         94M   94M     0 100% /media/dev-ian/CDROM
//: END
//: System Report Sun Mar  8 04:55:01 PM EDT 2026
!!: Uptime:
 16:55:01 up  3:07,  1 user,  load average: 0.06, 0.07, 0.04

Memory Usage:
               total        used        free      shared  buff/cache   available
Mem:         3960708     1941220      105592       66828     1883508     2019488
Swap:        3804156          60     3804096

Disk Usage:
Filesystem      Size  Used Avail Use% Mounted on
tmpfs           387M  2.1M  385M   1% /run
/dev/sda2        20G  9.9G  8.7G  54% /
tmpfs           1.9G     0  1.9G   0% /dev/shm
tmpfs           5.0M  8.0K  5.0M   1% /run/lock
tmpfs           387M  128K  387M   1% /run/user/1000
/dev/sr0         94M   94M     0 100% /media/dev-ian/CDROM
//: END
//: System Report Sun Mar  8 04:56:01 PM EDT 2026
!!: Uptime:
 16:56:01 up  3:08,  1 user,  load average: 0.02, 0.06, 0.03

Memory Usage:
               total        used        free      shared  buff/cache   available
Mem:         3960708     1941256      105540       66828     1883532     2019452
Swap:        3804156          60     3804096

Disk Usage:
Filesystem      Size  Used Avail Use% Mounted on
tmpfs           387M  2.1M  385M   1% /run
/dev/sda2        20G  9.9G  8.7G  54% /
tmpfs           1.9G     0  1.9G   0% /dev/shm
tmpfs           5.0M  8.0K  5.0M   1% /run/lock
tmpfs           387M  128K  387M   1% /run/user/1000
/dev/sr0         94M   94M     0 100% /media/dev-ian/CDROM
//: END
//: System Report Sun Mar  8 04:57:01 PM EDT 2026
!!: Uptime:
 16:57:01 up  3:09,  1 user,  load average: 0.01, 0.04, 0.03

Memory Usage:
               total        used        free      shared  buff/cache   available
Mem:         3960708     1909756      156260       58848     1867608     2050952
Swap:        3804156          60     3804096

Disk Usage:
Filesystem      Size  Used Avail Use% Mounted on
tmpfs           387M  2.1M  385M   1% /run
/dev/sda2        20G  9.9G  8.7G  54% /
tmpfs           1.9G     0  1.9G   0% /dev/shm
tmpfs           5.0M  8.0K  5.0M   1% /run/lock
tmpfs           387M  132K  387M   1% /run/user/1000
/dev/sr0         94M   94M     0 100% /media/dev-ian/CDROM
//: END
//: System Report Sun Mar  8 04:58:01 PM EDT 2026
!!: Uptime:
 16:58:01 up  3:10,  1 user,  load average: 0.00, 0.03, 0.02

Memory Usage:
               total        used        free      shared  buff/cache   available
Mem:         3960708     1910236      155756       58848     1867632     2050472
Swap:        3804156          60     3804096

Disk Usage:
Filesystem      Size  Used Avail Use% Mounted on
tmpfs           387M  2.1M  385M   1% /run
/dev/sda2        20G  9.9G  8.7G  54% /
tmpfs           1.9G     0  1.9G   0% /dev/shm
tmpfs           5.0M  8.0K  5.0M   1% /run/lock
tmpfs           387M  132K  387M   1% /run/user/1000
/dev/sr0         94M   94M     0 100% /media/dev-ian/CDROM
//: END
//: System Report Sun Mar  8 04:59:01 PM EDT 2026
!!: Uptime:
 16:59:01 up  3:11,  1 user,  load average: 0.03, 0.04, 0.02

Memory Usage:
               total        used        free      shared  buff/cache   available
Mem:         3960708     1955720      109916       66996     1875984     2004988
Swap:        3804156          60     3804096

Disk Usage:
Filesystem      Size  Used Avail Use% Mounted on
tmpfs           387M  2.1M  385M   1% /run
/dev/sda2        20G  9.9G  8.7G  54% /
tmpfs           1.9G     0  1.9G   0% /dev/shm
tmpfs           5.0M  8.0K  5.0M   1% /run/lock
tmpfs           387M  132K  387M   1% /run/user/1000
/dev/sr0         94M   94M     0 100% /media/dev-ian/CDROM
//: END
//: System Report Sun Mar  8 05:00:01 PM EDT 2026
!!: Uptime:
 17:00:01 up  3:12,  1 user,  load average: 0.01, 0.03, 0.02

Memory Usage:
               total        used        free      shared  buff/cache   available
Mem:         3960708     1954884      110672       66832     1875900     2005824
Swap:        3804156          60     3804096

Disk Usage:
Filesystem      Size  Used Avail Use% Mounted on
tmpfs           387M  2.1M  385M   1% /run
/dev/sda2        20G  9.9G  8.7G  54% /
tmpfs           1.9G     0  1.9G   0% /dev/shm
tmpfs           5.0M  8.0K  5.0M   1% /run/lock
tmpfs           387M  132K  387M   1% /run/user/1000
/dev/sr0         94M   94M     0 100% /media/dev-ian/CDROM
//: END
//: System Report Sun Mar  8 05:01:01 PM EDT 2026
!!: Uptime:
 17:01:01 up  3:13,  1 user,  load average: 0.00, 0.02, 0.01

Memory Usage:
               total        used        free      shared  buff/cache   available
Mem:         3960708     1955088      110420       66828     1875944     2005620
Swap:        3804156          60     3804096

Disk Usage:
Filesystem      Size  Used Avail Use% Mounted on
tmpfs           387M  2.1M  385M   1% /run
/dev/sda2        20G  9.9G  8.7G  54% /
tmpfs           1.9G     0  1.9G   0% /dev/shm
tmpfs           5.0M  8.0K  5.0M   1% /run/lock
tmpfs           387M  128K  387M   1% /run/user/1000
/dev/sr0         94M   94M     0 100% /media/dev-ian/CDROM
//: END
//: System Report Sun Mar  8 05:02:01 PM EDT 2026
!!: Uptime:
 17:02:01 up  3:14,  1 user,  load average: 0.00, 0.02, 0.00

Memory Usage:
               total        used        free      shared  buff/cache   available
Mem:         3960708     1955308      110168       66996     1876152     2005400
Swap:        3804156          60     3804096

Disk Usage:
Filesystem      Size  Used Avail Use% Mounted on
tmpfs           387M  2.1M  385M   1% /run
/dev/sda2        20G  9.9G  8.7G  54% /
tmpfs           1.9G     0  1.9G   0% /dev/shm
tmpfs           5.0M  8.0K  5.0M   1% /run/lock
tmpfs           387M  128K  387M   1% /run/user/1000
/dev/sr0         94M   94M     0 100% /media/dev-ian/CDROM
//: END
//: System Report Sun Mar  8 05:03:01 PM EDT 2026
!!: Uptime:
 17:03:01 up  3:15,  1 user,  load average: 0.00, 0.01, 0.00

Memory Usage:
               total        used        free      shared  buff/cache   available
Mem:         3960708     1955228      110168       66828     1876056     2005480
Swap:        3804156          60     3804096

Disk Usage:
Filesystem      Size  Used Avail Use% Mounted on
tmpfs           387M  2.1M  385M   1% /run
/dev/sda2        20G  9.9G  8.7G  54% /
tmpfs           1.9G     0  1.9G   0% /dev/shm
tmpfs           5.0M  8.0K  5.0M   1% /run/lock
tmpfs           387M  128K  387M   1% /run/user/1000
/dev/sr0         94M   94M     0 100% /media/dev-ian/CDROM
//: END
