//: System Report Sun Mar  8 04:49:01 PM EDT 2026
!!: Uptime:
 16:49:01 up  3:01,  1 user,  load average: 0.14, 0.11, 0.05

Memory Usage:
               total        used        free      shared  buff/cache   available
Mem:         3960708     1940688      107100       66832     1883032     2020020
Swap:        3804156          60     3804096

Disk Usage:
Filesystem      Size  Used Avail Use% Mounted on
tmpfs           387M  2.1M  385M   1% /run
/dev/sda2        20G  9.9G  8.7G  54% /
tmpfs           1.9G     0  1.9G   0% /dev/shm
tmpfs           5.0M  8.0K  5.0M   1% /run/lock
tmpfs           387M  132K  387M   1% /run/user/1000
/dev/sr0         94M   94M     0 100% /media/dev-ian/CDROM
//: END
//: System Report Sun Mar  8 04:50:01 PM EDT 2026
!!: Uptime:
 16:50:01 up  3:02,  1 user,  load average: 0.05, 0.09, 0.04

Memory Usage:
               total        used        free      shared  buff/cache   available
Mem:         3960708     1940884      106640       66828     1883292     2019824
Swap:        3804156          60     3804096

Disk Usage:
Filesystem      Size  Used Avail Use% Mounted on
tmpfs           387M  2.1M  385M   1% /run
/dev/sda2        20G  9.9G  8.7G  54% /
tmpfs           1.9G     0  1.9G   0% /dev/shm
tmpfs           5.0M  8.0K  5.0M   1% /run/lock
tmpfs           387M  128K  387M   1% /run/user/1000
/dev/sr0         94M   94M     0 100% /media/dev-ian/CDROM
//: END
//: System Report Sun Mar  8 04:51:01 PM EDT 2026
!!: Uptime:
 16:51:01 up  3:03,  1 user,  load average: 0.16, 0.11, 0.05

Memory Usage:
               total        used        free      shared  buff/cache   available
Mem:         3960708     1940940      106548       66828     1883320     2019768
Swap:        3804156          60     3804096

Disk Usage:
Filesystem      Size  Used Avail Use% Mounted on
tmpfs           387M  2.1M  385M   1% /run
/dev/sda2        20G  9.9G  8.7G  54% /
tmpfs           1.9G     0  1.9G   0% /dev/shm
tmpfs           5.0M  8.0K  5.0M   1% /run/lock
tmpfs           387M  128K  387M   1% /run/user/1000
/dev/sr0         94M   94M     0 100% /media/dev-ian/CDROM
//: END
//: System Report Sun Mar  8 04:52:01 PM EDT 2026
!!: Uptime:
 16:52:01 up  3:04,  1 user,  load average: 0.06, 0.09, 0.05

Memory Usage:
               total        used        free      shared  buff/cache   available
Mem:         3960708     1941184      106296       66828     1883336     2019524
Swap:        3804156          60     3804096

Disk Usage:
Filesystem      Size  Used Avail Use% Mounted on
tmpfs           387M  2.1M  385M   1% /run
/dev/sda2        20G  9.9G  8.7G  54% /
tmpfs           1.9G     0  1.9G   0% /dev/shm
tmpfs           5.0M  8.0K  5.0M   1% /run/lock
tmpfs           387M  128K  387M   1% /run/user/1000
/dev/sr0         94M   94M     0 100% /media/dev-ian/CDROM
//: END
//: System Report Sun Mar  8 04:53:01 PM EDT 2026
!!: Uptime:
 16:53:01 up  3:05,  1 user,  load average: 0.02, 0.07, 0.04

Memory Usage:
               total        used        free      shared  buff/cache   available
Mem:         3960708     1940824      106044       66828     1883452     2019884
Swap:        3804156          60     3804096

Disk Usage:
Filesystem      Size  Used Avail Use% Mounted on
tmpfs           387M  2.1M  385M   1% /run
/dev/sda2        20G  9.9G  8.7G  54% /
tmpfs           1.9G     0  1.9G   0% /dev/shm
tmpfs           5.0M  8.0K  5.0M   1% /run/lock
tmpfs           387M  128K  387M   1% /run/user/1000
/dev/sr0         94M   94M     0 100% /media/dev-ian/CDROM
//: END
//: System Report Sun Mar  8 04:54:01 PM EDT 2026
!!: Uptime:
 16:54:01 up  3:06,  1 user,  load average: 0.17, 0.09, 0.05

Memory Usage:
               total        used        free      shared  buff/cache   available
Mem:         3960708     1941008      105844       66828     1883476     2019700
Swap:        3804156          60     3804096

Disk Usage:
Filesystem      Size  Used Avail Use% Mounted on
tmpfs           387M  2.1M  385M   1% /run
/dev/sda2        20G  9.9G  8.7G  54% /
tmpfs           1.9G     0  1.9G   0% /dev/shm
tmpfs           5.0M  8.0K  5.0M   1% /run/lock
tmpfs           387M  128K  387M   1% /run/user/1000
/dev/sr0         94M   94M     0 100% /media/dev-ian/CDROM
//: END
//: System Report Sun Mar  8 04:55:01 PM EDT 2026
!!: Uptime:
 16:55:01 up  3:07,  1 user,  load average: 0.06, 0.07, 0.04

Memory Usage:
               total        used        free      shared  buff/cache   available
Mem:         3960708     1941220      105592       66828     1883508     2019488
Swap:        3804156          60     3804096

Disk Usage:
Filesystem      Size  Used Avail Use% Mounted on
tmpfs           387M  2.1M  385M   1% /run
/dev/sda2        20G  9.9G  8.7G  54% /
tmpfs           1.9G     0  1.9G   0% /dev/shm
tmpfs           5.0M  8.0K  5.0M   1% /run/lock
tmpfs           387M  128K  387M   1% /run/user/1000
/dev/sr0         94M   94M     0 100% /media/dev-ian/CDROM
//: END
//: System Report Sun Mar  8 04:56:01 PM EDT 2026
!!: Uptime:
 16:56:01 up  3:08,  1 user,  load average: 0.02, 0.06, 0.03

Memory Usage:
               total        used        free      shared  buff/cache   available
Mem:         3960708     1941256      105540       66828     1883532     2019452
Swap:        3804156          60     3804096

Disk Usage:
Filesystem      Size  Used Avail Use% Mounted on
tmpfs           387M  2.1M  385M   1% /run
/dev/sda2        20G  9.9G  8.7G  54% /
tmpfs           1.9G     0  1.9G   0% /dev/shm
tmpfs           5.0M  8.0K  5.0M   1% /run/lock
tmpfs           387M  128K  387M   1% /run/user/1000
/dev/sr0         94M   94M     0 100% /media/dev-ian/CDROM
//: END
//: System Report Sun Mar  8 04:57:01 PM EDT 2026
!!: Uptime:
 16:57:01 up  3:09,  1 user,  load average: 0.01, 0.04, 0.03

Memory Usage:
               total        used        free      shared  buff/cache   available
Mem:         3960708     1909756      156260       58848     1867608     2050952
Swap:        3804156          60     3804096

Disk Usage:
Filesystem      Size  Used Avail Use% Mounted on
tmpfs           387M  2.1M  385M   1% /run
/dev/sda2        20G  9.9G  8.7G  54% /
tmpfs           1.9G     0  1.9G   0% /dev/shm
tmpfs           5.0M  8.0K  5.0M   1% /run/lock
tmpfs           387M  132K  387M   1% /run/user/1000
/dev/sr0         94M   94M     0 100% /media/dev-ian/CDROM
//: END
//: System Report Sun Mar  8 04:58:01 PM EDT 2026
!!: Uptime:
 16:58:01 up  3:10,  1 user,  load average: 0.00, 0.03, 0.02

Memory Usage:
               total        used        free      shared  buff/cache   available
Mem:         3960708     1910236      155756       58848     1867632     2050472
Swap:        3804156          60     3804096

Disk Usage:
Filesystem      Size  Used Avail Use% Mounted on
tmpfs           387M  2.1M  385M   1% /run
/dev/sda2        20G  9.9G  8.7G  54% /
tmpfs           1.9G     0  1.9G   0% /dev/shm
tmpfs           5.0M  8.0K  5.0M   1% /run/lock
tmpfs           387M  132K  387M   1% /run/user/1000
/dev/sr0         94M   94M     0 100% /media/dev-ian/CDROM
//: END
//: System Report Sun Mar  8 04:59:01 PM EDT 2026
!!: Uptime:
 16:59:01 up  3:11,  1 user,  load average: 0.03, 0.04, 0.02

Memory Usage:
               total        used        free      shared  buff/cache   available
Mem:         3960708     1955720      109916       66996     1875984     2004988
Swap:        3804156          60     3804096

Disk Usage:
Filesystem      Size  Used Avail Use% Mounted on
tmpfs           387M  2.1M  385M   1% /run
/dev/sda2        20G  9.9G  8.7G  54% /
tmpfs           1.9G     0  1.9G   0% /dev/shm
tmpfs           5.0M  8.0K  5.0M   1% /run/lock
tmpfs           387M  132K  387M   1% /run/user/1000
/dev/sr0         94M   94M     0 100% /media/dev-ian/CDROM
//: END
//: System Report Sun Mar  8 05:00:01 PM EDT 2026
!!: Uptime:
 17:00:01 up  3:12,  1 user,  load average: 0.01, 0.03, 0.02

Memory Usage:
               total        used        free      shared  buff/cache   available
Mem:         3960708     1954884      110672       66832     1875900     2005824
Swap:        3804156          60     3804096

Disk Usage:
Filesystem      Size  Used Avail Use% Mounted on
tmpfs           387M  2.1M  385M   1% /run
/dev/sda2        20G  9.9G  8.7G  54% /
tmpfs           1.9G     0  1.9G   0% /dev/shm
tmpfs           5.0M  8.0K  5.0M   1% /run/lock
tmpfs           387M  132K  387M   1% /run/user/1000
/dev/sr0         94M   94M     0 100% /media/dev-ian/CDROM
//: END
//: System Report Sun Mar  8 05:01:01 PM EDT 2026
!!: Uptime:
 17:01:01 up  3:13,  1 user,  load average: 0.00, 0.02, 0.01

Memory Usage:
               total        used        free      shared  buff/cache   available
Mem:         3960708     1955088      110420       66828     1875944     2005620
Swap:        3804156          60     3804096

Disk Usage:
Filesystem      Size  Used Avail Use% Mounted on
tmpfs           387M  2.1M  385M   1% /run
/dev/sda2        20G  9.9G  8.7G  54% /
tmpfs           1.9G     0  1.9G   0% /dev/shm
tmpfs           5.0M  8.0K  5.0M   1% /run/lock
tmpfs           387M  128K  387M   1% /run/user/1000
/dev/sr0         94M   94M     0 100% /media/dev-ian/CDROM
//: END
//: System Report Sun Mar  8 05:02:01 PM EDT 2026
!!: Uptime:
 17:02:01 up  3:14,  1 user,  load average: 0.00, 0.02, 0.00

Memory Usage:
               total        used        free      shared  buff/cache   available
Mem:         3960708     1955308      110168       66996     1876152     2005400
Swap:        3804156          60     3804096

Disk Usage:
Filesystem      Size  Used Avail Use% Mounted on
tmpfs           387M  2.1M  385M   1% /run
/dev/sda2        20G  9.9G  8.7G  54% /
tmpfs           1.9G     0  1.9G   0% /dev/shm
tmpfs           5.0M  8.0K  5.0M   1% /run/lock
tmpfs           387M  128K  387M   1% /run/user/1000
/dev/sr0         94M   94M     0 100% /media/dev-ian/CDROM
//: END
//: System Report Sun Mar  8 05:03:01 PM EDT 2026
!!: Uptime:
 17:03:01 up  3:15,  1 user,  load average: 0.00, 0.01, 0.00

Memory Usage:
               total        used        free      shared  buff/cache   available
Mem:         3960708     1955228      110168       66828     1876056     2005480
Swap:        3804156          60     3804096

Disk Usage:
Filesystem      Size  Used Avail Use% Mounted on
tmpfs           387M  2.1M  385M   1% /run
/dev/sda2        20G  9.9G  8.7G  54% /
tmpfs           1.9G     0  1.9G   0% /dev/shm
tmpfs           5.0M  8.0K  5.0M   1% /run/lock
tmpfs           387M  128K  387M   1% /run/user/1000
/dev/sr0         94M   94M     0 100% /media/dev-ian/CDROM
//: END
//: System Report Sun Mar  8 05:04:01 PM EDT 2026
!!: Uptime:
 17:04:01 up  3:16,  1 user,  load average: 0.00, 0.00, 0.00

Memory Usage:
               total        used        free      shared  buff/cache   available
Mem:         3960708     1942900      150120       66832     1863204     2017808
Swap:        3804156          60     3804096

Disk Usage:
Filesystem      Size  Used Avail Use% Mounted on
tmpfs           387M  2.1M  385M   1% /run
/dev/sda2        20G  9.9G  8.7G  54% /
tmpfs           1.9G     0  1.9G   0% /dev/shm
tmpfs           5.0M  8.0K  5.0M   1% /run/lock
tmpfs           387M  128K  387M   1% /run/user/1000
/dev/sr0         94M   94M     0 100% /media/dev-ian/CDROM
//: END
//: System Report Sun Mar  8 05:05:01 PM EDT 2026
!!: Uptime:
 17:05:01 up  3:17,  1 user,  load average: 0.12, 0.03, 0.01

Memory Usage:
               total        used        free      shared  buff/cache   available
Mem:         3960708     1946656      145824       66832     1863768     2014052
Swap:        3804156          60     3804096

Disk Usage:
Filesystem      Size  Used Avail Use% Mounted on
tmpfs           387M  2.1M  385M   1% /run
/dev/sda2        20G  9.9G  8.7G  54% /
tmpfs           1.9G     0  1.9G   0% /dev/shm
tmpfs           5.0M  8.0K  5.0M   1% /run/lock
tmpfs           387M  128K  387M   1% /run/user/1000
/dev/sr0         94M   94M     0 100% /media/dev-ian/CDROM
//: END
//: System Report Sun Mar  8 05:06:01 PM EDT 2026
!!: Uptime:
 17:06:01 up  3:18,  1 user,  load average: 0.21, 0.07, 0.02

Memory Usage:
               total        used        free      shared  buff/cache   available
Mem:         3960708     1920748      369076       63492     1830736     2039960
Swap:        3804156       78604     3725552

Disk Usage:
Filesystem      Size  Used Avail Use% Mounted on
tmpfs           387M  2.1M  385M   1% /run
/dev/sda2        20G  9.9G  8.7G  54% /
tmpfs           1.9G     0  1.9G   0% /dev/shm
tmpfs           5.0M  8.0K  5.0M   1% /run/lock
tmpfs           387M  128K  387M   1% /run/user/1000
/dev/sr0         94M   94M     0 100% /media/dev-ian/CDROM
//: END
//: System Report Sun Mar  8 05:07:01 PM EDT 2026
!!: Uptime:
 17:07:01 up  3:19,  1 user,  load average: 0.33, 0.13, 0.04

Memory Usage:
               total        used        free      shared  buff/cache   available
Mem:         3960708     1901456      308596       63492     1916484     2059252
Swap:        3804156       90676     3713480

Disk Usage:
Filesystem      Size  Used Avail Use% Mounted on
tmpfs           387M  2.1M  385M   1% /run
/dev/sda2        20G  9.9G  8.7G  54% /
tmpfs           1.9G     0  1.9G   0% /dev/shm
tmpfs           5.0M  8.0K  5.0M   1% /run/lock
tmpfs           387M  128K  387M   1% /run/user/1000
/dev/sr0         94M   94M     0 100% /media/dev-ian/CDROM
//: END
//: System Report Sun Mar  8 05:08:01 PM EDT 2026
!!: Uptime:
 17:08:01 up  3:20,  1 user,  load average: 0.16, 0.12, 0.04

Memory Usage:
               total        used        free      shared  buff/cache   available
Mem:         3960708     1923064      279416       63492     1917960     2037644
Swap:        3804156       89388     3714768

Disk Usage:
Filesystem      Size  Used Avail Use% Mounted on
tmpfs           387M  2.1M  385M   1% /run
/dev/sda2        20G  9.9G  8.7G  54% /
tmpfs           1.9G     0  1.9G   0% /dev/shm
tmpfs           5.0M  8.0K  5.0M   1% /run/lock
tmpfs           387M  128K  387M   1% /run/user/1000
/dev/sr0         94M   94M     0 100% /media/dev-ian/CDROM
//: END
//: System Report Sun Mar  8 05:09:01 PM EDT 2026
!!: Uptime:
 17:09:01 up  3:21,  1 user,  load average: 0.06, 0.10, 0.04

Memory Usage:
               total        used        free      shared  buff/cache   available
Mem:         3960708     1915672      286756       63492     1917984     2045036
Swap:        3804156       89384     3714772

Disk Usage:
Filesystem      Size  Used Avail Use% Mounted on
tmpfs           387M  2.1M  385M   1% /run
/dev/sda2        20G  9.9G  8.7G  54% /
tmpfs           1.9G     0  1.9G   0% /dev/shm
tmpfs           5.0M  8.0K  5.0M   1% /run/lock
tmpfs           387M  128K  387M   1% /run/user/1000
/dev/sr0         94M   94M     0 100% /media/dev-ian/CDROM
//: END
//: System Report Sun Mar  8 05:10:01 PM EDT 2026
!!: Uptime:
 17:10:01 up  3:22,  1 user,  load average: 0.28, 0.15, 0.06

Memory Usage:
               total        used        free      shared  buff/cache   available
Mem:         3960708     1923220      278236       63492     1918284     2037488
Swap:        3804156       89080     3715076

Disk Usage:
Filesystem      Size  Used Avail Use% Mounted on
tmpfs           387M  2.1M  385M   1% /run
/dev/sda2        20G  9.9G  8.7G  54% /
tmpfs           1.9G     0  1.9G   0% /dev/shm
tmpfs           5.0M  8.0K  5.0M   1% /run/lock
tmpfs           387M  128K  387M   1% /run/user/1000
/dev/sr0         94M   94M     0 100% /media/dev-ian/CDROM
//: END
//: System Report Sun Mar  8 05:11:01 PM EDT 2026
!!: Uptime:
 17:11:01 up  3:23,  1 user,  load average: 0.26, 0.17, 0.07

Memory Usage:
               total        used        free      shared  buff/cache   available
Mem:         3960708     1922816      278272       63492     1918744     2037892
Swap:        3804156       89068     3715088

Disk Usage:
Filesystem      Size  Used Avail Use% Mounted on
tmpfs           387M  2.1M  385M   1% /run
/dev/sda2        20G  9.9G  8.7G  54% /
tmpfs           1.9G     0  1.9G   0% /dev/shm
tmpfs           5.0M  8.0K  5.0M   1% /run/lock
tmpfs           387M  128K  387M   1% /run/user/1000
/dev/sr0         94M   94M     0 100% /media/dev-ian/CDROM
//: END
//: System Report Sun Mar  8 05:12:01 PM EDT 2026
!!: Uptime:
 17:12:01 up  3:24,  1 user,  load average: 0.09, 0.14, 0.06

Memory Usage:
               total        used        free      shared  buff/cache   available
Mem:         3960708     1923816      274728       63488     1923728     2036892
Swap:        3804156       89068     3715088

Disk Usage:
Filesystem      Size  Used Avail Use% Mounted on
tmpfs           387M  2.1M  385M   1% /run
/dev/sda2        20G  9.9G  8.7G  54% /
tmpfs           1.9G     0  1.9G   0% /dev/shm
tmpfs           5.0M  8.0K  5.0M   1% /run/lock
tmpfs           387M  128K  387M   1% /run/user/1000
/dev/sr0         94M   94M     0 100% /media/dev-ian/CDROM
//: END
//: System Report Sun Mar  8 05:13:01 PM EDT 2026
!!: Uptime:
 17:13:01 up  3:25,  1 user,  load average: 0.17, 0.15, 0.08

Memory Usage:
               total        used        free      shared  buff/cache   available
Mem:         3960708     1923928      274480       63488     1923864     2036780
Swap:        3804156       89064     3715092

Disk Usage:
Filesystem      Size  Used Avail Use% Mounted on
tmpfs           387M  2.1M  385M   1% /run
/dev/sda2        20G  9.9G  8.7G  54% /
tmpfs           1.9G     0  1.9G   0% /dev/shm
tmpfs           5.0M  8.0K  5.0M   1% /run/lock
tmpfs           387M  128K  387M   1% /run/user/1000
/dev/sr0         94M   94M     0 100% /media/dev-ian/CDROM
//: END
//: System Report Sun Mar  8 05:14:01 PM EDT 2026
!!: Uptime:
 17:14:01 up  3:26,  1 user,  load average: 0.06, 0.12, 0.07

Memory Usage:
               total        used        free      shared  buff/cache   available
Mem:         3960708     1917588      271336       63488     1923928     2043120
Swap:        3804156       89040     3715116

Disk Usage:
Filesystem      Size  Used Avail Use% Mounted on
tmpfs           387M  2.1M  385M   1% /run
/dev/sda2        20G  9.9G  8.7G  54% /
tmpfs           1.9G     0  1.9G   0% /dev/shm
tmpfs           5.0M  8.0K  5.0M   1% /run/lock
tmpfs           387M  128K  387M   1% /run/user/1000
/dev/sr0         94M   94M     0 100% /media/dev-ian/CDROM
//: END
//: System Report Sun Mar  8 05:15:01 PM EDT 2026
!!: Uptime:
 17:15:01 up  3:27,  1 user,  load average: 0.02, 0.10, 0.06

Memory Usage:
               total        used        free      shared  buff/cache   available
Mem:         3960708     1925932      261612       63488     1925320     2034776
Swap:        3804156       89036     3715120

Disk Usage:
Filesystem      Size  Used Avail Use% Mounted on
tmpfs           387M  2.1M  385M   1% /run
/dev/sda2        20G  9.9G  8.7G  54% /
tmpfs           1.9G     0  1.9G   0% /dev/shm
tmpfs           5.0M  8.0K  5.0M   1% /run/lock
tmpfs           387M  128K  387M   1% /run/user/1000
/dev/sr0         94M   94M     0 100% /media/dev-ian/CDROM
//: END
